// Jest Snapshot v1, https://goo.gl/fbAQLP

exports[`.rxSchema + matches snapshot: testField 1`] = `
Object {
  "type": "string",
}
`;
